Could you get acquainted with Skyler at the couch then greet her
    {'intent': 'know', 'per': 'Skyler', 'dest': 'couch'}
