B-take B-take.per O O B-take.dest
O O O B-find B-find.per O O B-find.dest B-follow B-follow.per O B-go O O B-go.dest
B-find B-find.per O O B-find.dest O B-take B-take.per O O O
B-take B-take.obj O O O O O O B-take.dest
O B-take B-take.per O O B-take.dest
B-take B-take.per O O O O B-take.obj O O B-take.dest
O O B-find O O O O B-find.dest
B-find B-find.per O O B-find.dest O B-say B-say.per O O
B-take B-take.per O O B-take.dest B-take.per O B-find B-find.per O O B-find.dest
B-go O O B-go.dest B-find B-find.per O B-take B-take.per O O B-take.dest
B-go O O B-go.dest B-find B-find.per O B-follow B-follow.per
B-find B-find.per O O B-find.dest B-follow B-follow.per O B-take B-take.per O
B-say B-say.per O O O O B-say.obj O O B-say.dest I-say.dest
B-find O O B-find.obj O O B-find.dest
B-find B-find.per O O B-find.dest O B-follow B-follow.per
O B-say B-say.per O O O O O O O B-say.dest
B-find B-find.per O O O B-find.dest O B-say B-say.per O O O O B-say.dest
B-find B-find.per O O B-find.dest B-follow B-follow.per O B-take B-take.per O
B-go O O B-go.dest I-go.dest B-find O B-find.obj O B-put B-put.obj O O B-put.dest I-put.dest
O O B-go O O B-go.dest B-find B-find.per O B-follow B-follow.per
B-take O B-take.obj I-take.obj O O B-take.dest I-take.dest
B-take O B-take.obj O O B-take.dest
B-find O O O O B-find.dest I-find.dest
O B-take B-take.obj O O O O O O B-take.dest I-take.dest
B-take B-take.per O B-take.obj
B-find B-find.per O O B-find.dest O B-follow B-follow.per
B-go O O B-go.dest I-go.dest B-find B-find.per O B-take B-take.per
O O O B-find B-find.per O O B-find.dest I-find.dest O B-say B-say.obj O B-say.per O O B-say.dest
O B-take B-take.per O O B-take.dest B-take.per O B-find B-find.per O O B-find.dest I-find.dest
B-put O B-put.obj O O B-put.dest
B-find B-find.per O O B-find.dest O B-say B-say.per O O
B-take B-take.per O O O O O O B-take.dest I-take.dest
B-find O O O O B-find.dest O B-say O O
O B-find B-find.per O O B-find.dest O B-take B-take.per O O O
B-say B-say.per O O O O O O O B-say.dest
B-find B-find.per O O B-find.dest B-follow B-follow.per O B-take B-take.per O
B-take B-take.per O O
B-take B-take.per O O O O O B-take.dest
B-find B-find.per O O B-find.dest O B-take B-take.per O O B-take.dest
B-say O O O O O O O O O O O O O B-say.dest
O O B-find B-find.per O O B-find.dest B-follow B-follow.per O B-take B-take.per O
O O B-go O O B-go.dest B-find B-find.per O B-take B-take.per
B-take B-take.obj O O O O O O B-take.dest I-take.dest
B-follow B-follow.per O O B-follow.dest I-follow.dest O O B-follow.dest
B-go O O B-go.dest B-find B-find.per O B-follow B-follow.per
B-find B-find.per O O B-find.dest O B-follow B-follow.per
O O O B-go O O B-go.dest B-find B-find.per O B-take B-take.per O O B-take.dest
O B-take B-take.per O B-take.obj O O B-take.dest
B-take O B-take.obj O O B-take.dest I-take.dest O O B-take.dest I-take.dest
B-follow B-follow.per O O B-follow.dest O O B-follow.dest
B-follow B-follow.per
B-take O B-take.obj O O B-take.dest O B-put B-put.obj O O B-put.dest I-put.dest
B-follow B-follow.per O O B-follow.dest O O B-follow.dest I-follow.dest
B-take O B-take.obj O O B-take.dest I-take.dest O B-put B-put.obj O O B-put.dest
B-say B-say.per O O O O O O O O B-say.dest I-say.dest
B-say B-say.per O O O O O O O B-say.dest
O B-find B-find.per O O B-find.dest O B-say B-say.per O O
B-take B-take.obj O O O O O O O O O B-take.dest
O O B-find B-find.per O O B-find.dest O B-follow B-follow.per O O B-follow.dest
O O B-find B-find.per O B-take B-take.per
B-find B-find.per O O O B-find.dest O B-say B-say.per O O O O O O B-say.dest
O O B-take O O O O O
B-find B-find.per O O B-find.dest O B-say B-say.per O O
B-say B-say.per O O O O O O O B-say.dest
O O B-find B-find.per O O B-find.dest I-find.dest B-follow B-follow.per O B-go O O B-go.dest I-go.dest
B-take O B-take.obj O B-put B-put.obj O O B-put.dest I-put.dest
O O B-find B-find.per O O B-find.dest B-follow B-follow.per O B-go O O B-go.dest
B-take B-take.per O O O O O B-take.dest I-take.dest
B-find B-find.per O O B-find.dest B-follow B-follow.per O B-go O O B-go.dest I-go.dest
B-take O O O B-take.per
O O B-say B-say.per O O O O O O O B-say.dest
O O B-find B-find.per O O B-find.dest O B-say B-say.obj O B-say.per O O B-say.dest
O O B-say B-say.per O O B-say.obj O O O O B-say.dest I-say.dest
B-take B-take.obj O O O O O O B-take.dest
B-take B-take.per O O
O O B-say B-say.per O O O O O O O B-say.dest
B-take B-take.per O O O O O O B-take.dest
O O O B-find B-find.per O O B-find.dest I-find.dest O B-follow B-follow.per O O B-follow.dest
O B-take O B-take.obj O O B-take.dest I-take.dest
B-take O B-take.obj O O B-take.dest I-take.dest O B-take B-take.obj O O B-take.dest
B-go O O B-go.dest B-find B-find.per O B-take B-take.per O O B-take.dest
O B-take B-take.per O O B-take.dest O O B-take.dest
B-go O O B-go.dest B-find O O O B-say O O
O O B-find B-find.per O B-take B-take.per
O O B-find B-find.per O O B-find.dest B-follow B-follow.per O B-go O O B-go.dest
O O B-take B-take.per O B-take.obj
O B-take B-take.obj O O O O O O B-take.dest
O O B-find B-find.per O O O B-find.dest O B-say B-say.per O O O O B-say.dest
O O O B-find O O O O O B-find.dest
O O B-take B-take.per O O B-take.dest O O B-take.dest
B-find O O O O B-find.dest
B-find B-find.per O O B-find.dest B-follow B-follow.per O B-go O O B-go.dest
B-find B-find.per O O B-find.dest B-follow B-follow.per O B-take B-take.per O
O B-go O O B-go.dest I-go.dest B-find O O O O B-say O O
B-go O O B-go.dest B-find O O B-find.obj O B-put B-put.obj O O B-put.dest
B-say B-say.per O O O O O O O O B-say.dest
B-take B-take.per O O B-take.dest O O B-take.dest
O O B-find B-find.per O O B-find.dest I-find.dest O B-take B-take.per O O B-take.dest
B-take B-take.per O O O O O O B-take.dest I-take.dest
B-take B-take.obj O B-take.per
O O O B-take O O O
O O O B-go O O B-go.dest B-find B-find.per O B-take B-take.per O O B-take.dest
O O B-find B-find.per O O B-find.dest O B-follow B-follow.per O O B-follow.dest
B-find O O O O O B-find.dest
B-say B-say.per O O O O O O O O B-say.dest
B-say B-say.per O O O O O O O B-say.dest
O O B-say B-say.per O O O O O O O B-say.dest
O B-put O O
O O B-find B-find.per O O B-find.dest O B-take B-take.per O O B-take.dest I-take.dest
B-go O O B-go.dest B-find B-find.per O B-take B-take.per
B-say B-say.per O O O O O B-say.dest O O
B-take O B-take.obj O B-put B-put.obj O O B-put.dest
B-say B-say.per O O O O O O O B-say.dest
B-take B-take.per O O B-take.dest B-take.per B-take.obj B-find B-find.per O O B-find.dest I-find.dest
O B-find B-find.per O O O B-find.dest O B-say B-say.per O O O O B-say.dest
B-go O O B-go.dest B-find B-find.per O B-follow B-follow.per
B-find B-find.per O O B-find.dest I-find.dest O B-follow B-follow.per
B-find B-find.per O O B-find.dest I-find.dest O B-follow B-follow.per O O B-follow.dest
B-find B-find.per O O B-find.dest I-find.dest B-follow B-follow.per O B-go O O B-go.dest
O O O B-take B-take.per O O B-take.dest B-take.per O B-find B-find.per O O B-find.dest
B-find B-find.per O O B-find.dest I-find.dest O B-follow B-follow.per
B-find B-find.per O B-take B-take.per
O O B-take B-take.per O O O O O B-take.dest
B-say B-say.per O O O O O O O B-say.dest
O O B-say B-say.per O O O O O O O B-say.dest I-say.dest
O B-take O B-take.obj O O B-take.dest I-take.dest O B-put B-put.obj O O B-put.dest I-put.dest
O B-find B-find.per O O B-find.dest O B-take B-take.per O O O
O O B-put O O
B-take O B-take.obj O O O O O O O O O B-take.dest I-take.dest
B-find B-find.per O O B-find.dest O B-follow B-follow.per O O B-follow.dest I-follow.dest
B-find B-find.per O O B-find.dest I-find.dest B-follow B-follow.per O B-go O O B-go.dest I-go.dest
B-find B-find.per O O B-find.dest B-follow B-follow.per O B-go O O B-go.dest I-go.dest
O O O
B-take O O B-take.per
B-find B-find.per O O B-find.dest O B-take B-take.per O O O
B-take B-take.per O O O O B-take.obj O O B-take.dest I-take.dest
O O B-find B-find.per O O O B-find.dest O B-say B-say.per O O O O B-say.dest I-say.dest
B-find B-find.per O O B-find.dest O B-take B-take.per O O B-take.dest
B-find B-find.per O O B-find.dest I-find.dest O B-follow B-follow.per O O B-follow.dest
B-say O O O O O O O O O O O O B-say.dest
B-take B-take.per O O B-take.obj O O B-take.dest
O O O B-take B-take.per O O B-take.dest
O O B-find B-find.per O O B-find.dest O B-take B-take.per O O B-take.dest
B-go O O B-go.dest B-find B-find.per O B-follow B-follow.per
O O O B-go O O B-go.dest I-go.dest B-find B-find.per O B-take B-take.per O O B-take.dest
B-find B-find.per O O B-find.dest B-follow B-follow.per O B-take B-take.per O
B-find B-find.per O O B-find.dest I-find.dest B-follow B-follow.per O B-go O O B-go.dest
B-take B-take.per O O B-take.dest O O B-take.dest
O O B-go O O B-go.dest B-find O O O O O O O B-say O O
O O B-take B-take.per O O O O O O B-take.dest
B-say B-say.per O O O O O B-say.dest O O
O O B-find B-find.per O O B-find.dest B-follow B-follow.per O B-take B-take.per O
B-follow B-follow.per
B-find B-find.per O O B-find.dest O B-say B-say.per O O
O O O B-say B-say.per O O O O O O O B-say.dest
O O O B-find O O O O O B-find.dest
O O O B-find B-find.per O O B-find.dest O B-say B-say.obj O B-say.per O O B-say.dest
O O B-say B-say.per O O O O O B-say.dest I-say.dest O O O
B-find B-find.per O O B-find.dest B-follow B-follow.per O B-take B-take.per O
O B-say B-say.per O O B-say.obj O O O O B-say.dest
O O
O O B-say B-say.per O O B-say.obj O O O O B-say.dest I-say.dest
B-find B-find.per O O B-find.dest B-follow B-follow.per O B-go O O B-go.dest I-go.dest
O O O B-say O O O O O O O O O O O O O O B-say.dest
B-take B-take.per O O B-take.dest B-take.per B-take.per B-find B-find.per O O B-find.dest
O B-find B-find.per O O B-find.dest O B-take B-take.per O O O
O O B-find O O O O O B-find.dest
O O O B-take B-take.per O O B-take.dest B-take.per B-take.per B-find B-find.per O O B-find.dest
B-follow B-follow.per O O B-follow.dest O O B-follow.dest I-follow.dest
B-take B-take.per O O B-take.dest I-take.dest O O B-take.dest
B-take O B-take.obj O O B-take.dest O B-put B-put.obj O O B-put.dest
B-find O B-find.obj O O B-find.dest
B-find O B-find.obj O O B-find.dest
B-take B-take.per O O B-take.dest O O B-take.dest I-take.dest
B-put O B-put.obj O O B-put.dest
B-follow B-follow.per
B-follow B-follow.per O O B-follow.dest I-follow.dest O O B-follow.dest I-follow.dest
B-find B-find.per O O B-find.dest I-find.dest O B-say B-say.per O O
B-take B-take.per O O B-take.obj O O B-take.dest
B-take B-take.per O O B-take.dest I-take.dest B-take.per O B-find B-find.per O O B-find.dest
B-find B-find.per O O B-find.dest I-find.dest B-follow B-follow.per O B-take B-take.per O
B-follow B-follow.per O O B-follow.dest I-follow.dest O O B-follow.dest
B-take B-take.per O O O O B-take.obj I-take.obj O O B-take.dest I-take.dest
B-find B-find.per O O B-find.dest B-follow B-follow.per O B-go O O B-go.dest
B-take O B-take.obj O O B-take.dest I-take.dest O B-take B-take.obj O B-take.per O O B-take.dest I-take.dest
B-take O O O O O
B-take O O B-take.obj O B-put B-put.obj O O B-put.dest I-put.dest
B-find O B-find.obj O O B-find.dest
O O O B-take O B-take.obj O B-take.per
B-take B-take.per O O O O O O B-take.dest
B-take B-take.per O O O O O O B-take.dest I-take.dest
B-take O B-take.obj O O B-take.dest
B-find O O O O O O B-find.dest O B-say O O
O B-find B-find.per O O B-find.dest O B-say B-say.per O O
B-find B-find.per O O B-find.dest I-find.dest O B-follow B-follow.per O O B-follow.dest
O O B-follow B-follow.per O O B-follow.dest O O B-follow.dest
O O B-take O B-take.obj O O B-take.dest O B-take B-take.obj O O B-take.dest I-take.dest
O O B-go O O B-go.dest B-find O O O O O B-say O O O O
O O O B-take O O O
O O O B-find B-find.per O O B-find.dest O B-follow B-follow.per O O B-follow.dest I-follow.dest